

================================================================
== Synthesis Summary Report of 'nodalSolver'
================================================================
+ General Information: 
    * Date:           Sat Feb  6 16:57:27 2021
    * Version:        2020.2 (Build 3064766 on Wed Nov 18 09:12:45 MST 2020)
    * Project:        RLCADCungrounded_Vitis
    * Solution:       solution1 (Vivado IP Flow Target)
    * Product family: virtex7
    * Target device:  xc7vx485t-ffg1157-1
    

+ Performance & Resource Estimates: 
    
    PS: '+' for module; 'o' for loop; '*' for dataflow
    +-------------------------------------+--------+-------+---------+-----------+----------+---------+------+----------+----------+----------+------------+------------+-----+
    |               Modules               |  Issue |       | Latency |  Latency  | Iteration|         | Trip |          |          |          |            |            |     |
    |               & Loops               |  Type  | Slack | (cycles)|    (ns)   |  Latency | Interval| Count| Pipelined|   BRAM   |    DSP   |     FF     |     LUT    | URAM|
    +-------------------------------------+--------+-------+---------+-----------+----------+---------+------+----------+----------+----------+------------+------------+-----+
    |+ nodalSolver                        |  Timing|   0.14|      128|  1.280e+03|         -|      129|     -|        no|  20 (~0%)|   73 (2%)|   9381 (1%)|  15215 (5%)|    -|
    | + grp_sinGen_fu_90                  |  Timing|   0.14|       31|    310.000|         -|       11|     -|       yes|   8 (~0%)|   38 (1%)|  4461 (~0%)|   7088 (2%)|    -|
    |  + grp_sin_or_cos_double_s_fu_48    |      II|  -0.10|       12|    120.000|         -|        1|     -|       yes|   8 (~0%)|  24 (~0%)|  3059 (~0%)|   5800 (1%)|    -|
    | + grp_vetmat_fu_112                 |      II|  -1.36|       14|    140.000|         -|        1|     -|       yes|         -|         -|   367 (~0%)|    29 (~0%)|    -|
    | + grp_histvect_fu_128               |      II|  -0.93|       14|    140.000|         -|        7|     -|       yes|         -|         -|   234 (~0%)|   225 (~0%)|    -|
    | + grp_generic_rint_double_s_fu_144  |       -|  -4.24|       67|    670.000|         -|       67|     -|        no|   4 (~0%)|         -|   333 (~0%)|   504 (~0%)|    -|
    |  o Loop 1                           |       -|  -9.80|       62|    620.000|         1|        1|    62|       yes|         -|         -|           -|           -|    -|
    | + grp_generic_rint_double_s_fu_153  |       -|  -4.24|       67|    670.000|         -|       67|     -|        no|   4 (~0%)|         -|   333 (~0%)|   504 (~0%)|    -|
    |  o Loop 1                           |       -|  -9.80|       62|    620.000|         1|        1|    62|       yes|         -|         -|           -|           -|    -|
    | + grp_generic_rint_double_s_fu_162  |       -|  -4.24|       67|    670.000|         -|       67|     -|        no|   4 (~0%)|         -|   333 (~0%)|   504 (~0%)|    -|
    |  o Loop 1                           |       -|  -9.80|       62|    620.000|         1|        1|    62|       yes|         -|         -|           -|           -|    -|
    +-------------------------------------+--------+-------+---------+-----------+----------+---------+------+----------+----------+----------+------------+------------+-----+

