

================================================================
== Synthesis Summary Report of 'nodalSolver'
================================================================
+ General Information: 
    * Date:           Mon Feb  1 13:23:17 2021
    * Version:        2020.2 (Build 3064766 on Wed Nov 18 09:12:45 MST 2020)
    * Project:        IndutivoParaleloVDC_Vitis
    * Solution:       solution1 (Vivado IP Flow Target)
    * Product family: virtex7
    * Target device:  xc7vx485t-ffg1157-1
    

+ Performance & Resource Estimates: 
    
    PS: '+' for module; 'o' for loop; '*' for dataflow
    +-------------------------------------+------+-------+---------+-----------+----------+---------+------+----------+----------+----------+------------+------------+-----+
    |               Modules               | Issue|       | Latency |  Latency  | Iteration|         | Trip |          |          |          |            |            |     |
    |               & Loops               | Type | Slack | (cycles)|    (ns)   |  Latency | Interval| Count| Pipelined|   BRAM   |    DSP   |     FF     |     LUT    | URAM|
    +-------------------------------------+------+-------+---------+-----------+----------+---------+------+----------+----------+----------+------------+------------+-----+
    |+ nodalSolver                        |     -|  -0.10|      122|  1.220e+03|         -|      123|     -|        no|  20 (~0%)|   80 (2%)|   9667 (1%)|  15551 (5%)|    -|
    | + grp_sinGen_fu_88                  |    II|  -0.10|       25|    250.000|         -|       11|     -|       yes|   8 (~0%)|   38 (1%)|  4077 (~0%)|   6972 (2%)|    -|
    |  + grp_sin_or_cos_double_s_fu_46    |    II|  -0.10|       12|    120.000|         -|        1|     -|       yes|   8 (~0%)|  24 (~0%)|  3059 (~0%)|   5800 (1%)|    -|
    | + grp_vetmat_fu_108                 |    II|  -1.36|       14|    140.000|         -|        1|     -|       yes|         -|         -|   559 (~0%)|    61 (~0%)|    -|
    | + grp_histvect_fu_124               |    II|  -1.36|       14|    140.000|         -|        3|     -|       yes|         -|         -|   136 (~0%)|   120 (~0%)|    -|
    | + grp_generic_rint_double_s_fu_138  |     -|  -4.24|       67|    670.000|         -|       67|     -|        no|   4 (~0%)|         -|   333 (~0%)|   504 (~0%)|    -|
    |  o Loop 1                           |     -|  -9.80|       62|    620.000|         1|        1|    62|       yes|         -|         -|           -|           -|    -|
    | + grp_generic_rint_double_s_fu_147  |     -|  -4.24|       67|    670.000|         -|       67|     -|        no|   4 (~0%)|         -|   333 (~0%)|   504 (~0%)|    -|
    |  o Loop 1                           |     -|  -9.80|       62|    620.000|         1|        1|    62|       yes|         -|         -|           -|           -|    -|
    | + grp_generic_rint_double_s_fu_156  |     -|  -4.24|       67|    670.000|         -|       67|     -|        no|   4 (~0%)|         -|   333 (~0%)|   504 (~0%)|    -|
    |  o Loop 1                           |     -|  -9.80|       62|    620.000|         1|        1|    62|       yes|         -|         -|           -|           -|    -|
    +-------------------------------------+------+-------+---------+-----------+----------+---------+------+----------+----------+----------+------------+------------+-----+

