

================================================================
== Vitis HLS Report for 'vetmat'
================================================================
* Date:           Mon Feb  1 13:23:12 2021

* Version:        2020.2 (Build 3064766 on Wed Nov 18 09:12:45 MST 2020)
* Project:        IndutivoParaleloVDC_Vitis
* Solution:       solution1 (Vivado IP Flow Target)
* Product family: virtex7
* Target device:  xc7vx485t-ffg1157-1


================================================================
== Performance Estimates
================================================================
+ Timing: 
    * Summary: 
    +--------+----------+----------+------------+
    |  Clock |  Target  | Estimated| Uncertainty|
    +--------+----------+----------+------------+
    |ap_clk  |  10.00 ns|  8.440 ns|     0.20 ns|
    +--------+----------+----------+------------+

+ Latency: 
    * Summary: 
    +---------+---------+----------+----------+-----+-----+---------+
    |  Latency (cycles) |  Latency (absolute) |  Interval | Pipeline|
    |   min   |   max   |    min   |    max   | min | max |   Type  |
    +---------+---------+----------+----------+-----+-----+---------+
    |       14|       14|  0.140 us|  0.140 us|    1|    1|      yes|
    +---------+---------+----------+----------+-----+-----+---------+

    + Detail: 
        * Instance: 
        N/A

        * Loop: 
        N/A



================================================================
== Utilization Estimates
================================================================
* Summary: 
+-----------------+---------+------+--------+--------+-----+
|       Name      | BRAM_18K|  DSP |   FF   |   LUT  | URAM|
+-----------------+---------+------+--------+--------+-----+
|DSP              |        -|     -|       -|       -|    -|
|Expression       |        -|     -|       0|       2|    -|
|FIFO             |        -|     -|       -|       -|    -|
|Instance         |        -|     -|       -|       -|    -|
|Memory           |        -|     -|       -|       -|    -|
|Multiplexer      |        -|     -|       -|      27|    -|
|Register         |        -|     -|     559|      32|    -|
+-----------------+---------+------+--------+--------+-----+
|Total            |        0|     0|     559|      61|    0|
+-----------------+---------+------+--------+--------+-----+
|Available        |     2060|  2800|  607200|  303600|    0|
+-----------------+---------+------+--------+--------+-----+
|Utilization (%)  |        0|     0|      ~0|      ~0|    0|
+-----------------+---------+------+--------+--------+-----+

+ Detail: 
    * Instance: 
    N/A

    * DSP: 
    N/A

    * Memory: 
    N/A

    * FIFO: 
    N/A

    * Expression: 
    +---------------+----------+----+---+----+------------+------------+
    | Variable Name | Operation| DSP| FF| LUT| Bitwidth P0| Bitwidth P1|
    +---------------+----------+----+---+----+------------+------------+
    |ap_enable_pp0  |       xor|   0|  0|   2|           1|           2|
    +---------------+----------+----+---+----+------------+------------+
    |Total          |          |   0|  0|   2|           1|           2|
    +---------------+----------+----+---+----+------------+------------+

    * Multiplexer: 
    +-------------+----+-----------+-----+-----------+
    |     Name    | LUT| Input Size| Bits| Total Bits|
    +-------------+----+-----------+-----+-----------+
    |G_vec_I_1_o  |   9|          2|   32|         64|
    |G_vec_I_2_o  |   9|          2|   32|         64|
    |G_vec_I_3_o  |   9|          2|   32|         64|
    +-------------+----+-----------+-----+-----------+
    |Total        |  27|          6|   96|        192|
    +-------------+----+-----------+-----+-----------+

    * Register: 
    +--------------------------+----+----+-----+-----------+
    |           Name           | FF | LUT| Bits| Const Bits|
    +--------------------------+----+----+-----+-----------+
    |G_vec_I_3_load_reg_226    |  32|   0|   32|          0|
    |acc_1_0_1_reg_196         |  32|   0|   32|          0|
    |acc_1_0_2_reg_233         |  32|   0|   32|          0|
    |acc_1_1_1_reg_206         |  32|   0|   32|          0|
    |acc_1_1_2_reg_238         |  32|   0|   32|          0|
    |acc_1_2_1_reg_216         |  32|   0|   32|          0|
    |acc_1_2_2_reg_248         |  32|   0|   32|          0|
    |ap_CS_fsm                 |   1|   0|    1|          0|
    |ap_enable_reg_pp0_iter1   |   1|   0|    1|          0|
    |ap_enable_reg_pp0_iter10  |   1|   0|    1|          0|
    |ap_enable_reg_pp0_iter11  |   1|   0|    1|          0|
    |ap_enable_reg_pp0_iter12  |   1|   0|    1|          0|
    |ap_enable_reg_pp0_iter13  |   1|   0|    1|          0|
    |ap_enable_reg_pp0_iter14  |   1|   0|    1|          0|
    |ap_enable_reg_pp0_iter2   |   1|   0|    1|          0|
    |ap_enable_reg_pp0_iter3   |   1|   0|    1|          0|
    |ap_enable_reg_pp0_iter4   |   1|   0|    1|          0|
    |ap_enable_reg_pp0_iter5   |   1|   0|    1|          0|
    |ap_enable_reg_pp0_iter6   |   1|   0|    1|          0|
    |ap_enable_reg_pp0_iter7   |   1|   0|    1|          0|
    |ap_enable_reg_pp0_iter8   |   1|   0|    1|          0|
    |ap_enable_reg_pp0_iter9   |   1|   0|    1|          0|
    |mul_0_1_reg_174           |  32|   0|   32|          0|
    |mul_0_2_reg_201           |  32|   0|   32|          0|
    |mul_1_1_reg_179           |  32|   0|   32|          0|
    |mul_1_2_reg_211           |  32|   0|   32|          0|
    |mul_1_3_reg_243           |  32|   0|   32|          0|
    |mul_2_1_reg_184           |  32|   0|   32|          0|
    |mul_2_2_reg_221           |  32|   0|   32|          0|
    |mul_2_3_reg_253           |  32|   0|   32|          0|
    |G_vec_I_3_load_reg_226    |  64|  32|   32|          0|
    +--------------------------+----+----+-----+-----------+
    |Total                     | 559|  32|  527|          0|
    +--------------------------+----+----+-----+-----------+



================================================================
== Interface
================================================================
* Summary: 
+---------------------+-----+-----+------------+--------------+--------------+
|      RTL Ports      | Dir | Bits|  Protocol  | Source Object|    C Type    |
+---------------------+-----+-----+------------+--------------+--------------+
|ap_clk               |   in|    1|  ap_ctrl_hs|        vetmat|  return value|
|ap_rst               |   in|    1|  ap_ctrl_hs|        vetmat|  return value|
|ap_start             |   in|    1|  ap_ctrl_hs|        vetmat|  return value|
|ap_done              |  out|    1|  ap_ctrl_hs|        vetmat|  return value|
|ap_idle              |  out|    1|  ap_ctrl_hs|        vetmat|  return value|
|ap_ready             |  out|    1|  ap_ctrl_hs|        vetmat|  return value|
|grp_fu_165_p_din0    |  out|   32|  ap_ctrl_hs|        vetmat|  return value|
|grp_fu_165_p_din1    |  out|   32|  ap_ctrl_hs|        vetmat|  return value|
|grp_fu_165_p_opcode  |  out|    2|  ap_ctrl_hs|        vetmat|  return value|
|grp_fu_165_p_dout0   |   in|   32|  ap_ctrl_hs|        vetmat|  return value|
|grp_fu_165_p_ce      |  out|    1|  ap_ctrl_hs|        vetmat|  return value|
|grp_fu_170_p_din0    |  out|   32|  ap_ctrl_hs|        vetmat|  return value|
|grp_fu_170_p_din1    |  out|   32|  ap_ctrl_hs|        vetmat|  return value|
|grp_fu_170_p_opcode  |  out|    2|  ap_ctrl_hs|        vetmat|  return value|
|grp_fu_170_p_dout0   |   in|   32|  ap_ctrl_hs|        vetmat|  return value|
|grp_fu_170_p_ce      |  out|    1|  ap_ctrl_hs|        vetmat|  return value|
|grp_fu_175_p_din0    |  out|   32|  ap_ctrl_hs|        vetmat|  return value|
|grp_fu_175_p_din1    |  out|   32|  ap_ctrl_hs|        vetmat|  return value|
|grp_fu_175_p_opcode  |  out|    2|  ap_ctrl_hs|        vetmat|  return value|
|grp_fu_175_p_dout0   |   in|   32|  ap_ctrl_hs|        vetmat|  return value|
|grp_fu_175_p_ce      |  out|    1|  ap_ctrl_hs|        vetmat|  return value|
|grp_fu_720_p_din0    |  out|   32|  ap_ctrl_hs|        vetmat|  return value|
|grp_fu_720_p_din1    |  out|   32|  ap_ctrl_hs|        vetmat|  return value|
|grp_fu_720_p_opcode  |  out|    2|  ap_ctrl_hs|        vetmat|  return value|
|grp_fu_720_p_dout0   |   in|   32|  ap_ctrl_hs|        vetmat|  return value|
|grp_fu_720_p_ce      |  out|    1|  ap_ctrl_hs|        vetmat|  return value|
|grp_fu_724_p_din0    |  out|   32|  ap_ctrl_hs|        vetmat|  return value|
|grp_fu_724_p_din1    |  out|   32|  ap_ctrl_hs|        vetmat|  return value|
|grp_fu_724_p_opcode  |  out|    2|  ap_ctrl_hs|        vetmat|  return value|
|grp_fu_724_p_dout0   |   in|   32|  ap_ctrl_hs|        vetmat|  return value|
|grp_fu_724_p_ce      |  out|    1|  ap_ctrl_hs|        vetmat|  return value|
|grp_fu_728_p_din0    |  out|   32|  ap_ctrl_hs|        vetmat|  return value|
|grp_fu_728_p_din1    |  out|   32|  ap_ctrl_hs|        vetmat|  return value|
|grp_fu_728_p_opcode  |  out|    2|  ap_ctrl_hs|        vetmat|  return value|
|grp_fu_728_p_dout0   |   in|   32|  ap_ctrl_hs|        vetmat|  return value|
|grp_fu_728_p_ce      |  out|    1|  ap_ctrl_hs|        vetmat|  return value|
|grp_fu_732_p_din0    |  out|   32|  ap_ctrl_hs|        vetmat|  return value|
|grp_fu_732_p_din1    |  out|   32|  ap_ctrl_hs|        vetmat|  return value|
|grp_fu_732_p_opcode  |  out|    2|  ap_ctrl_hs|        vetmat|  return value|
|grp_fu_732_p_dout0   |   in|   32|  ap_ctrl_hs|        vetmat|  return value|
|grp_fu_732_p_ce      |  out|    1|  ap_ctrl_hs|        vetmat|  return value|
|grp_fu_736_p_din0    |  out|   32|  ap_ctrl_hs|        vetmat|  return value|
|grp_fu_736_p_din1    |  out|   32|  ap_ctrl_hs|        vetmat|  return value|
|grp_fu_736_p_opcode  |  out|    2|  ap_ctrl_hs|        vetmat|  return value|
|grp_fu_736_p_dout0   |   in|   32|  ap_ctrl_hs|        vetmat|  return value|
|grp_fu_736_p_ce      |  out|    1|  ap_ctrl_hs|        vetmat|  return value|
|grp_fu_740_p_din0    |  out|   32|  ap_ctrl_hs|        vetmat|  return value|
|grp_fu_740_p_din1    |  out|   32|  ap_ctrl_hs|        vetmat|  return value|
|grp_fu_740_p_opcode  |  out|    2|  ap_ctrl_hs|        vetmat|  return value|
|grp_fu_740_p_dout0   |   in|   32|  ap_ctrl_hs|        vetmat|  return value|
|grp_fu_740_p_ce      |  out|    1|  ap_ctrl_hs|        vetmat|  return value|
|grp_fu_180_p_din0    |  out|   32|  ap_ctrl_hs|        vetmat|  return value|
|grp_fu_180_p_din1    |  out|   32|  ap_ctrl_hs|        vetmat|  return value|
|grp_fu_180_p_dout0   |   in|   32|  ap_ctrl_hs|        vetmat|  return value|
|grp_fu_180_p_ce      |  out|    1|  ap_ctrl_hs|        vetmat|  return value|
|grp_fu_185_p_din0    |  out|   32|  ap_ctrl_hs|        vetmat|  return value|
|grp_fu_185_p_din1    |  out|   32|  ap_ctrl_hs|        vetmat|  return value|
|grp_fu_185_p_dout0   |   in|   32|  ap_ctrl_hs|        vetmat|  return value|
|grp_fu_185_p_ce      |  out|    1|  ap_ctrl_hs|        vetmat|  return value|
|grp_fu_190_p_din0    |  out|   32|  ap_ctrl_hs|        vetmat|  return value|
|grp_fu_190_p_din1    |  out|   32|  ap_ctrl_hs|        vetmat|  return value|
|grp_fu_190_p_dout0   |   in|   32|  ap_ctrl_hs|        vetmat|  return value|
|grp_fu_190_p_ce      |  out|    1|  ap_ctrl_hs|        vetmat|  return value|
|grp_fu_744_p_din0    |  out|   32|  ap_ctrl_hs|        vetmat|  return value|
|grp_fu_744_p_din1    |  out|   32|  ap_ctrl_hs|        vetmat|  return value|
|grp_fu_744_p_dout0   |   in|   32|  ap_ctrl_hs|        vetmat|  return value|
|grp_fu_744_p_ce      |  out|    1|  ap_ctrl_hs|        vetmat|  return value|
|grp_fu_748_p_din0    |  out|   32|  ap_ctrl_hs|        vetmat|  return value|
|grp_fu_748_p_din1    |  out|   32|  ap_ctrl_hs|        vetmat|  return value|
|grp_fu_748_p_dout0   |   in|   32|  ap_ctrl_hs|        vetmat|  return value|
|grp_fu_748_p_ce      |  out|    1|  ap_ctrl_hs|        vetmat|  return value|
|grp_fu_752_p_din0    |  out|   32|  ap_ctrl_hs|        vetmat|  return value|
|grp_fu_752_p_din1    |  out|   32|  ap_ctrl_hs|        vetmat|  return value|
|grp_fu_752_p_dout0   |   in|   32|  ap_ctrl_hs|        vetmat|  return value|
|grp_fu_752_p_ce      |  out|    1|  ap_ctrl_hs|        vetmat|  return value|
|grp_fu_756_p_din0    |  out|   32|  ap_ctrl_hs|        vetmat|  return value|
|grp_fu_756_p_din1    |  out|   32|  ap_ctrl_hs|        vetmat|  return value|
|grp_fu_756_p_dout0   |   in|   32|  ap_ctrl_hs|        vetmat|  return value|
|grp_fu_756_p_ce      |  out|    1|  ap_ctrl_hs|        vetmat|  return value|
|grp_fu_760_p_din0    |  out|   32|  ap_ctrl_hs|        vetmat|  return value|
|grp_fu_760_p_din1    |  out|   32|  ap_ctrl_hs|        vetmat|  return value|
|grp_fu_760_p_dout0   |   in|   32|  ap_ctrl_hs|        vetmat|  return value|
|grp_fu_760_p_ce      |  out|    1|  ap_ctrl_hs|        vetmat|  return value|
|G_vec_I_1_i          |   in|   32|     ap_ovld|     G_vec_I_1|       pointer|
|G_vec_I_1_o          |  out|   32|     ap_ovld|     G_vec_I_1|       pointer|
|G_vec_I_1_o_ap_vld   |  out|    1|     ap_ovld|     G_vec_I_1|       pointer|
|G_vec_I_2_i          |   in|   32|     ap_ovld|     G_vec_I_2|       pointer|
|G_vec_I_2_o          |  out|   32|     ap_ovld|     G_vec_I_2|       pointer|
|G_vec_I_2_o_ap_vld   |  out|    1|     ap_ovld|     G_vec_I_2|       pointer|
|G_vec_I_3_i          |   in|   32|     ap_ovld|     G_vec_I_3|       pointer|
|G_vec_I_3_o          |  out|   32|     ap_ovld|     G_vec_I_3|       pointer|
|G_vec_I_3_o_ap_vld   |  out|    1|     ap_ovld|     G_vec_I_3|       pointer|
|G_vec_V_0            |  out|   32|      ap_vld|     G_vec_V_0|       pointer|
|G_vec_V_0_ap_vld     |  out|    1|      ap_vld|     G_vec_V_0|       pointer|
|G_vec_V_1            |  out|   32|      ap_vld|     G_vec_V_1|       pointer|
|G_vec_V_1_ap_vld     |  out|    1|      ap_vld|     G_vec_V_1|       pointer|
|G_vec_V_2            |  out|   32|      ap_vld|     G_vec_V_2|       pointer|
|G_vec_V_2_ap_vld     |  out|    1|      ap_vld|     G_vec_V_2|       pointer|
+---------------------+-----+-----+------------+--------------+--------------+

